- Listing workflows...
[N8nApiClient] Projects API unavailable or restricted. Using placeholder Personal project fallback in cache.

📁 Project: Personal

[90m┌───────────────────────[39m[90m┬──────────────────[39m[90m┬────────────────────────────────────────────────────[39m[90m┬────────────────────────────────────────────────────────────────┐[39m
[90m│[39m[31m Status                [39m[90m│[39m[31m ID               [39m[90m│[39m[31m Name                                               [39m[90m│[39m[31m Local Path                                                     [39m[90m│[39m
[90m├───────────────────────[39m[90m┼──────────────────[39m[90m┼────────────────────────────────────────────────────[39m[90m┼────────────────────────────────────────────────────────────────┤[39m
[90m│[39m + EXIST_ONLY_LOCALLY  [90m│[39m lAT4oN5zdIdvEvG6 [90m│[39m My workflow copy                                   [90m│[39m My workflow copy.workflow.ts                                   [90m│[39m
[90m├───────────────────────[39m[90m┼──────────────────[39m[90m┼────────────────────────────────────────────────────[39m[90m┼────────────────────────────────────────────────────────────────┤[39m
[90m│[39m - EXIST_ONLY_REMOTELY [90m│[39m Qgli3tR7naOutW37 [90m│[39m FB AYTOS - RECEIVER (Bright Data Webhook → Sheets) [90m│[39m FB AYTOS - RECEIVER (Bright Data Webhook → Sheets).workflow.ts [90m│[39m
[90m├───────────────────────[39m[90m┼──────────────────[39m[90m┼────────────────────────────────────────────────────[39m[90m┼────────────────────────────────────────────────────────────────┤[39m
[90m│[39m ✔ TRACKED             [90m│[39m CHBsMoEVF5Cbc584 [90m│[39m 10 SOCIAL BRIGHTDATA TRIGGER                       [90m│[39m social_brightdata_trigger.workflow.ts                          [90m│[39m
[90m├───────────────────────[39m[90m┼──────────────────[39m[90m┼────────────────────────────────────────────────────[39m[90m┼────────────────────────────────────────────────────────────────┤[39m
[90m│[39m ✔ TRACKED             [90m│[39m kd5ZHojzpJiD5AMn [90m│[39m 20 SOCIAL INGEST BRIGHTDATA                        [90m│[39m social_ingest_brightdata.workflow.ts                           [90m│[39m
[90m├───────────────────────[39m[90m┼──────────────────[39m[90m┼────────────────────────────────────────────────────[39m[90m┼────────────────────────────────────────────────────────────────┤[39m
[90m│[39m ✔ TRACKED             [90m│[39m Vr4f9GrXTrYIIEtp [90m│[39m 30 SOCIAL MEDIA PREPARE DOWNLOAD                   [90m│[39m social_media_prepare_download.workflow.ts                      [90m│[39m
[90m├───────────────────────[39m[90m┼──────────────────[39m[90m┼────────────────────────────────────────────────────[39m[90m┼────────────────────────────────────────────────────────────────┤[39m
[90m│[39m ✔ TRACKED             [90m│[39m sPi5BYzQkcIfRIdl [90m│[39m 40 SOCIAL MEDIA ANALYZE                            [90m│[39m social_media_analyze.workflow.ts                               [90m│[39m
[90m├───────────────────────[39m[90m┼──────────────────[39m[90m┼────────────────────────────────────────────────────[39m[90m┼────────────────────────────────────────────────────────────────┤[39m
[90m│[39m ✔ TRACKED             [90m│[39m B9X1iY7jFdGCAcK9 [90m│[39m 50 SOCIAL MEDIA DETECT EXPORT                      [90m│[39m social_post_detect_export.workflow.ts                          [90m│[39m
[90m├───────────────────────[39m[90m┼──────────────────[39m[90m┼────────────────────────────────────────────────────[39m[90m┼────────────────────────────────────────────────────────────────┤[39m
[90m│[39m ✔ TRACKED             [90m│[39m RbOs3DSPUdUmekXW [90m│[39m 60 SOCIAL RECOVERY JOBS                            [90m│[39m social_recovery_jobs.workflow.ts                               [90m│[39m
[90m├───────────────────────[39m[90m┼──────────────────[39m[90m┼────────────────────────────────────────────────────[39m[90m┼────────────────────────────────────────────────────────────────┤[39m
[90m│[39m ✔ TRACKED             [90m│[39m bXCOUsi00u5wFJUh [90m│[39m 70 SOCIAL REPROCESS ADMIN                          [90m│[39m social_reprocess_admin.workflow.ts                             [90m│[39m
[90m├───────────────────────[39m[90m┼──────────────────[39m[90m┼────────────────────────────────────────────────────[39m[90m┼────────────────────────────────────────────────────────────────┤[39m
[90m│[39m ✔ TRACKED             [90m│[39m eE0zwAWao7Axsdi9 [90m│[39m COMPROBACION TAQUILLA                              [90m│[39m COMPROBACION TAQUILLA.workflow.ts                              [90m│[39m
[90m├───────────────────────[39m[90m┼──────────────────[39m[90m┼────────────────────────────────────────────────────[39m[90m┼────────────────────────────────────────────────────────────────┤[39m
[90m│[39m ✔ TRACKED             [90m│[39m IkqnFDu34CjPjXBj [90m│[39m ERROR WORKFLOW                                     [90m│[39m ERROR WORKFLOW.workflow.ts                                     [90m│[39m
[90m├───────────────────────[39m[90m┼──────────────────[39m[90m┼────────────────────────────────────────────────────[39m[90m┼────────────────────────────────────────────────────────────────┤[39m
[90m│[39m ✔ TRACKED             [90m│[39m 2qYQ1PxmsJhWhT1q [90m│[39m SCRAPPER FLOWTE                                    [90m│[39m My workflow.workflow.ts                                        [90m│[39m
[90m├───────────────────────[39m[90m┼──────────────────[39m[90m┼────────────────────────────────────────────────────[39m[90m┼────────────────────────────────────────────────────────────────┤[39m
[90m│[39m ✔ TRACKED             [90m│[39m K6HNZfFH2GhRglOA [90m│[39m SETUP DIC ETIQUETAS                                [90m│[39m setup_dic_etiquetas.workflow.ts                                [90m│[39m
[90m└───────────────────────[39m[90m┴──────────────────[39m[90m┴────────────────────────────────────────────────────[39m[90m┴────────────────────────────────────────────────────────────────┘[39m

Summary:
  ✔ Tracked: 11
  💥 Conflicts: 0
  + Local Only: 1
  - Remote Only: 1
  Total: 13

